---
source: crates/rtm-core/tests/serde_snapshots.rs
expression: responses
---
[
  {
    "type": "spawned",
    "payload": {
      "lifecycle": {
        "session_id": "018f6e28-0000-7000-8000-000000000001",
        "runtime": "claude",
        "state": "running",
        "shim_pid": 4241,
        "runtime_pid": 4242,
        "start_time": "2023-11-14T22:13:20Z",
        "tmux_pane": "rtm:0.1"
      },
      "event": {
        "type": "running",
        "payload": {
          "session_id": "018f6e28-0000-7000-8000-000000000001",
          "runtime_pid": 4242,
          "start_time": "2023-11-14T22:13:20Z"
        }
      },
      "log_dir": "/tmp/rtm/logs/018f6e28-0000-7000-8000-000000000001"
    }
  },
  {
    "type": "shim_launch",
    "payload": {
      "launch": {
        "argv": [
          "claude",
          "--resume"
        ],
        "env": [
          {
            "key": "RTM",
            "value": "1"
          }
        ],
        "cwd": null
      }
    }
  },
  {
    "type": "ack"
  },
  {
    "type": "stopping"
  },
  {
    "type": "error",
    "payload": {
      "message": "failed"
    }
  },
  {
    "type": "events",
    "payload": {
      "events": [
        {
          "type": "lost",
          "payload": {
            "session_id": "018f6e28-0000-7000-8000-000000000001",
            "evidence": "pid_not_alive"
          }
        }
      ]
    }
  }
]
