---
source: crates/rtm-cli/tests/surface_snapshots.rs
expression: doctor
---
{
  "last_probe_sweep": "[timestamp]",
  "launchers": [
    {
      "command": "[command]",
      "error": "[launcher_error]",
      "runtime": "claude"
    },
    {
      "command": "[command]",
      "error": "[launcher_error]",
      "runtime": "codex"
    }
  ],
  "lifecycles": {
    "exited": "[count]",
    "forking": "[count]",
    "lost": "[count]",
    "running": "[count]"
  },
  "log_availability": [],
  "recent_lost": [],
  "socket_path": "[socket]",
  "sqlite": {
    "applied": 2,
    "applied_descriptions": [
      "lifecycle",
      "probe state"
    ],
    "pending_descriptions": [],
    "total": 2
  },
  "tmux": {
    "available": "[tmux]",
    "error": "[launcher_error]",
    "version": "[version]"
  },
  "uptime_secs": "[uptime]",
  "version": {
    "capabilities": [
      "structured_protocol_errors",
      "headless_stdio_log_paths",
      "status_session_set_filter",
      "status_updated_since_filter",
      "typed_nudge_outcomes",
      "validate_target_preflight",
      "events_cursor",
      "tmux_pane_snapshot"
    ],
    "git_sha": "[git_sha]",
    "protocol_version": "0.3",
    "version": "[version]"
  },
  "watchers": {
    "kqueue_watchers": "[count]",
    "shim_sockets": "[count]"
  }
}
